This file contains any messages produced by compilers while
running configure, to aid debugging if configure makes a mistake.

It was created by PLUMED configure 2, which was
generated by GNU Autoconf 2.69.  Invocation command line was

  $ ./configure CC=gcc-13

## --------- ##
## Platform. ##
## --------- ##

hostname = bio016
uname -m = x86_64
uname -r = 6.8.0-71-generic
uname -s = Linux
uname -v = #71-Ubuntu SMP PREEMPT_DYNAMIC Tue Jul 22 16:52:38 UTC 2025

/usr/bin/uname -p = x86_64
/bin/uname -X     = unknown

/bin/arch              = x86_64
/usr/bin/arch -k       = unknown
/usr/convex/getsysinfo = unknown
/usr/bin/hostinfo      = unknown
/bin/machine           = unknown
/usr/bin/oslevel       = unknown
/bin/universe          = unknown

PATH: .
PATH: /usr/people/noliveira/bin
PATH: /usr/local/bin
PATH: /usr/bin
PATH: /usr/local/sbin
PATH: /usr/local/bin
PATH: /usr/sbin
PATH: /usr/bin
PATH: /sbin
PATH: /bin
PATH: /usr/games
PATH: /usr/local/games
PATH: /snap/bin
PATH: /snap/bin


## ----------- ##
## Core tests. ##
## ----------- ##

configure:2385: Optional modules are disabled by default
configure:3387: checking for mpic++
configure:3403: found /usr/local/bin/mpic++
configure:3414: result: mpic++
configure:3441: checking for C++ compiler version
configure:3450: mpic++ --version >&5
g++ (Ubuntu 13.3.0-6ubuntu2~24.04) 13.3.0
Copyright (C) 2023 Free Software Foundation, Inc.
This is free software; see the source for copying conditions.  There is NO
warranty; not even for MERCHANTABILITY or FITNESS FOR A PARTICULAR PURPOSE.

configure:3461: $? = 0
configure:3450: mpic++ -v >&5
Using built-in specs.
COLLECT_GCC=/usr/bin/g++
COLLECT_LTO_WRAPPER=/usr/libexec/gcc/x86_64-linux-gnu/13/lto-wrapper
OFFLOAD_TARGET_NAMES=nvptx-none:amdgcn-amdhsa
OFFLOAD_TARGET_DEFAULT=1
Target: x86_64-linux-gnu
Configured with: ../src/configure -v --with-pkgversion='Ubuntu 13.3.0-6ubuntu2~24.04' --with-bugurl=file:///usr/share/doc/gcc-13/README.Bugs --enable-languages=c,ada,c++,go,d,fortran,objc,obj-c++,m2 --prefix=/usr --with-gcc-major-version-only --program-suffix=-13 --program-prefix=x86_64-linux-gnu- --enable-shared --enable-linker-build-id --libexecdir=/usr/libexec --without-included-gettext --enable-threads=posix --libdir=/usr/lib --enable-nls --enable-bootstrap --enable-clocale=gnu --enable-libstdcxx-debug --enable-libstdcxx-time=yes --with-default-libstdcxx-abi=new --enable-libstdcxx-backtrace --enable-gnu-unique-object --disable-vtable-verify --enable-plugin --enable-default-pie --with-system-zlib --enable-libphobos-checking=release --with-target-system-zlib=auto --enable-objc-gc=auto --enable-multiarch --disable-werror --enable-cet --with-arch-32=i686 --with-abi=m64 --with-multilib-list=m32,m64,mx32 --enable-multilib --with-tune=generic --enable-offload-targets=nvptx-none=/build/gcc-13-fG75Ri/gcc-13-13.3.0/debian/tmp-nvptx/usr,amdgcn-amdhsa=/build/gcc-13-fG75Ri/gcc-13-13.3.0/debian/tmp-gcn/usr --enable-offload-defaulted --without-cuda-driver --enable-checking=release --build=x86_64-linux-gnu --host=x86_64-linux-gnu --target=x86_64-linux-gnu --with-build-config=bootstrap-lto-lean --enable-link-serialization=2
Thread model: posix
Supported LTO compression algorithms: zlib zstd
gcc version 13.3.0 (Ubuntu 13.3.0-6ubuntu2~24.04) 
... rest of stderr output deleted ...
configure:3461: $? = 0
configure:3450: mpic++ -V >&5
g++: error: unrecognized command-line option '-V'
g++: fatal error: no input files
compilation terminated.
configure:3461: $? = 1
configure:3450: mpic++ -qversion >&5
g++: error: unrecognized command-line option '-qversion'; did you mean '--version'?
g++: fatal error: no input files
compilation terminated.
configure:3461: $? = 1
configure:3481: checking whether the C++ compiler works
configure:3503: mpic++ -O3   conftest.cpp  >&5
configure:3507: $? = 0
configure:3555: result: yes
configure:3558: checking for C++ compiler default output file name
configure:3560: result: a.out
configure:3566: checking for suffix of executables
configure:3573: mpic++ -o conftest -O3   conftest.cpp  >&5
configure:3577: $? = 0
configure:3599: result: 
configure:3621: checking whether we are cross compiling
configure:3629: mpic++ -o conftest -O3   conftest.cpp  >&5
configure:3633: $? = 0
configure:3640: ./conftest
configure:3644: $? = 0
configure:3659: result: no
configure:3664: checking for suffix of object files
configure:3686: mpic++ -c -O3  conftest.cpp >&5
configure:3690: $? = 0
configure:3711: result: o
configure:3715: checking whether we are using the GNU C++ compiler
configure:3734: mpic++ -c -O3  conftest.cpp >&5
configure:3734: $? = 0
configure:3743: result: yes
configure:3752: checking whether mpic++ accepts -g
configure:3772: mpic++ -c -g  conftest.cpp >&5
configure:3772: $? = 0
configure:3813: result: yes
configure:3948: checking for C compiler version
configure:3957: gcc-13 --version >&5
gcc-13 (Ubuntu 13.3.0-6ubuntu2~24.04) 13.3.0
Copyright (C) 2023 Free Software Foundation, Inc.
This is free software; see the source for copying conditions.  There is NO
warranty; not even for MERCHANTABILITY or FITNESS FOR A PARTICULAR PURPOSE.

configure:3968: $? = 0
configure:3957: gcc-13 -v >&5
Using built-in specs.
COLLECT_GCC=gcc-13
COLLECT_LTO_WRAPPER=/usr/libexec/gcc/x86_64-linux-gnu/13/lto-wrapper
OFFLOAD_TARGET_NAMES=nvptx-none:amdgcn-amdhsa
OFFLOAD_TARGET_DEFAULT=1
Target: x86_64-linux-gnu
Configured with: ../src/configure -v --with-pkgversion='Ubuntu 13.3.0-6ubuntu2~24.04' --with-bugurl=file:///usr/share/doc/gcc-13/README.Bugs --enable-languages=c,ada,c++,go,d,fortran,objc,obj-c++,m2 --prefix=/usr --with-gcc-major-version-only --program-suffix=-13 --program-prefix=x86_64-linux-gnu- --enable-shared --enable-linker-build-id --libexecdir=/usr/libexec --without-included-gettext --enable-threads=posix --libdir=/usr/lib --enable-nls --enable-bootstrap --enable-clocale=gnu --enable-libstdcxx-debug --enable-libstdcxx-time=yes --with-default-libstdcxx-abi=new --enable-libstdcxx-backtrace --enable-gnu-unique-object --disable-vtable-verify --enable-plugin --enable-default-pie --with-system-zlib --enable-libphobos-checking=release --with-target-system-zlib=auto --enable-objc-gc=auto --enable-multiarch --disable-werror --enable-cet --with-arch-32=i686 --with-abi=m64 --with-multilib-list=m32,m64,mx32 --enable-multilib --with-tune=generic --enable-offload-targets=nvptx-none=/build/gcc-13-fG75Ri/gcc-13-13.3.0/debian/tmp-nvptx/usr,amdgcn-amdhsa=/build/gcc-13-fG75Ri/gcc-13-13.3.0/debian/tmp-gcn/usr --enable-offload-defaulted --without-cuda-driver --enable-checking=release --build=x86_64-linux-gnu --host=x86_64-linux-gnu --target=x86_64-linux-gnu --with-build-config=bootstrap-lto-lean --enable-link-serialization=2
Thread model: posix
Supported LTO compression algorithms: zlib zstd
gcc version 13.3.0 (Ubuntu 13.3.0-6ubuntu2~24.04) 
... rest of stderr output deleted ...
configure:3968: $? = 0
configure:3957: gcc-13 -V >&5
gcc-13: error: unrecognized command-line option '-V'
gcc-13: fatal error: no input files
compilation terminated.
configure:3968: $? = 1
configure:3957: gcc-13 -qversion >&5
gcc-13: error: unrecognized command-line option '-qversion'; did you mean '--version'?
gcc-13: fatal error: no input files
compilation terminated.
configure:3968: $? = 1
configure:3972: checking whether we are using the GNU C compiler
configure:3991: gcc-13 -c   conftest.c >&5
configure:3991: $? = 0
configure:4000: result: yes
configure:4009: checking whether gcc-13 accepts -g
configure:4029: gcc-13 -c -g  conftest.c >&5
configure:4029: $? = 0
configure:4070: result: yes
configure:4087: checking for gcc-13 option to accept ISO C89
configure:4150: gcc-13  -c -g -O2  conftest.c >&5
configure:4150: $? = 0
configure:4163: result: none needed
configure:4241: checking for gfortran
configure:4257: found /usr/bin/gfortran
configure:4268: result: gfortran
configure:4294: checking for Fortran compiler version
configure:4303: gfortran --version >&5
GNU Fortran (Ubuntu 13.3.0-6ubuntu2~24.04) 13.3.0
Copyright (C) 2023 Free Software Foundation, Inc.
This is free software; see the source for copying conditions.  There is NO
warranty; not even for MERCHANTABILITY or FITNESS FOR A PARTICULAR PURPOSE.

configure:4314: $? = 0
configure:4303: gfortran -v >&5
Using built-in specs.
COLLECT_GCC=gfortran
COLLECT_LTO_WRAPPER=/usr/libexec/gcc/x86_64-linux-gnu/13/lto-wrapper
OFFLOAD_TARGET_NAMES=nvptx-none:amdgcn-amdhsa
OFFLOAD_TARGET_DEFAULT=1
Target: x86_64-linux-gnu
Configured with: ../src/configure -v --with-pkgversion='Ubuntu 13.3.0-6ubuntu2~24.04' --with-bugurl=file:///usr/share/doc/gcc-13/README.Bugs --enable-languages=c,ada,c++,go,d,fortran,objc,obj-c++,m2 --prefix=/usr --with-gcc-major-version-only --program-suffix=-13 --program-prefix=x86_64-linux-gnu- --enable-shared --enable-linker-build-id --libexecdir=/usr/libexec --without-included-gettext --enable-threads=posix --libdir=/usr/lib --enable-nls --enable-bootstrap --enable-clocale=gnu --enable-libstdcxx-debug --enable-libstdcxx-time=yes --with-default-libstdcxx-abi=new --enable-libstdcxx-backtrace --enable-gnu-unique-object --disable-vtable-verify --enable-plugin --enable-default-pie --with-system-zlib --enable-libphobos-checking=release --with-target-system-zlib=auto --enable-objc-gc=auto --enable-multiarch --disable-werror --enable-cet --with-arch-32=i686 --with-abi=m64 --with-multilib-list=m32,m64,mx32 --enable-multilib --with-tune=generic --enable-offload-targets=nvptx-none=/build/gcc-13-fG75Ri/gcc-13-13.3.0/debian/tmp-nvptx/usr,amdgcn-amdhsa=/build/gcc-13-fG75Ri/gcc-13-13.3.0/debian/tmp-gcn/usr --enable-offload-defaulted --without-cuda-driver --enable-checking=release --build=x86_64-linux-gnu --host=x86_64-linux-gnu --target=x86_64-linux-gnu --with-build-config=bootstrap-lto-lean --enable-link-serialization=2
Thread model: posix
Supported LTO compression algorithms: zlib zstd
gcc version 13.3.0 (Ubuntu 13.3.0-6ubuntu2~24.04) 
... rest of stderr output deleted ...
configure:4314: $? = 0
configure:4303: gfortran -V >&5
gfortran: error: unrecognized command-line option '-V'
gfortran: fatal error: no input files
compilation terminated.
configure:4314: $? = 1
configure:4303: gfortran -qversion >&5
gfortran: error: unrecognized command-line option '-qversion'; did you mean '--version'?
gfortran: fatal error: no input files
compilation terminated.
configure:4314: $? = 1
configure:4323: checking whether we are using the GNU Fortran compiler
configure:4336: gfortran -c   conftest.F >&5
configure:4336: $? = 0
configure:4345: result: yes
configure:4351: checking whether gfortran accepts -g
configure:4362: gfortran -c -g  conftest.f >&5
configure:4362: $? = 0
configure:4370: result: yes
configure:4412: Initial CXX:         mpic++
configure:4414: Initial CXXFLAGS:    -O3
configure:4416: Initial CPPFLAGS:    
configure:4418: Initial CFLAGS:      -g -O2
configure:4420: Initial LDFLAGS:     
configure:4422: Initial LIBS:        
configure:4424: Initial STATIC_LIBS: 
configure:4426: Initial LD:          
configure:4428: Initial LDSHARED:    mpic++
configure:4430: Initial SOEXT:       
configure:4440: checking whether mpic++ accepts -fPIC
configure:4453: mpic++ -c -O3 -fPIC  conftest.cpp >&5
configure:4453: $? = 0
configure:4466: mpic++ -o conftest -O3 -fPIC   conftest.cpp  >&5
configure:4466: $? = 0
configure:4467: result: yes
configure:4493: checking whether gcc-13 accepts -fPIC
configure:4506: gcc-13 -c -g -O2 -fPIC  conftest.c >&5
configure:4506: $? = 0
configure:4519: gcc-13 -o conftest -g -O2 -fPIC   conftest.c  >&5
configure:4519: $? = 0
configure:4520: result: yes
configure:4549: checking whether mpic++ accepts -Wall
configure:4562: mpic++ -c -O3 -fPIC -Wall  conftest.cpp >&5
configure:4562: $? = 0
configure:4575: mpic++ -o conftest -O3 -fPIC -Wall   conftest.cpp  >&5
configure:4575: $? = 0
configure:4576: result: yes
configure:4595: checking whether mpic++ accepts -pedantic
configure:4608: mpic++ -c -O3 -fPIC -Wall -pedantic  conftest.cpp >&5
configure:4608: $? = 0
configure:4621: mpic++ -o conftest -O3 -fPIC -Wall -pedantic   conftest.cpp  >&5
configure:4621: $? = 0
configure:4622: result: yes
configure:4645: checking whether mpic++ accepts -std=c++17
configure:4658: mpic++ -c -O3 -fPIC -Wall -pedantic -std=c++17  conftest.cpp >&5
configure:4658: $? = 0
configure:4671: mpic++ -o conftest -O3 -fPIC -Wall -pedantic -std=c++17   conftest.cpp  >&5
configure:4671: $? = 0
configure:4672: result: yes
configure:5335: checking whether mpic++ declares c++17 support
configure:5352: mpic++ -c -O3 -fPIC -Wall -pedantic -std=c++17  conftest.cpp >&5
configure:5352: $? = 0
configure:5353: result: yes
configure:5381: checking whether mpic++ can generate dependency file with -MM -MF
configure:5390: result: yes
configure:5406: dependency tracking enabled
configure:5416: checking whether mpic++ accepts -fno-gnu-unique
configure:5429: mpic++ -c -O3 -fPIC -Wall -pedantic -std=c++17 -fno-gnu-unique  conftest.cpp >&5
configure:5429: $? = 0
configure:5442: mpic++ -o conftest -O3 -fPIC -Wall -pedantic -std=c++17 -fno-gnu-unique   conftest.cpp  >&5
configure:5442: $? = 0
configure:5443: result: yes
configure:5463: Now we will check compulsory headers and libraries
configure:5489: checking filesystem library without extra libs
configure:5507: mpic++ -o conftest -O3 -fPIC -Wall -pedantic -std=c++17 -fno-gnu-unique   conftest.cpp  >&5
configure:5507: $? = 0
configure:5509: result: yes
configure:5626: checking whether dgemv_ can be linked with no library
configure:5646: mpic++ -o conftest -O3 -fPIC -Wall -pedantic -std=c++17 -fno-gnu-unique   conftest.cpp  >&5
/usr/bin/ld: /tmp/ccLe4OtL.o: in function `main':
conftest.cpp:(.text.startup+0x9): undefined reference to `dgemv_'
collect2: error: ld returned 1 exit status
configure:5646: $? = 1
configure: failed program was:
| /* confdefs.h */
| #define PACKAGE_NAME "PLUMED"
| #define PACKAGE_TARNAME "plumed"
| #define PACKAGE_VERSION "2"
| #define PACKAGE_STRING "PLUMED 2"
| #define PACKAGE_BUGREPORT ""
| #define PACKAGE_URL ""
| #define __PLUMED_WRAPPER_LIBCXX11 1
| #define __PLUMED_CXX17_FILESYSTEM 1
| /* end confdefs.h.  */
| 
| /* Override any GCC internal prototype to avoid an error.
|    Use char because int might match the return type of a GCC
|    builtin and then its argument prototype would still apply.  */
| #ifdef __cplusplus
| extern "C"
| #endif
| char dgemv_ ();
| int
| main ()
| {
| return dgemv_ ();
|   ;
|   return 0;
| }
configure:5654: result: no
configure:5656: checking whether dgemv_ can be linked with no library
configure:5676: mpic++ -o conftest -O3 -fPIC -Wall -pedantic -std=c++17 -fno-gnu-unique   conftest.cpp  >&5
/usr/bin/ld: /tmp/cc9rruPn.o: in function `main':
conftest.cpp:(.text.startup+0x9): undefined reference to `dgemv'
collect2: error: ld returned 1 exit status
configure:5676: $? = 1
configure: failed program was:
| /* confdefs.h */
| #define PACKAGE_NAME "PLUMED"
| #define PACKAGE_TARNAME "plumed"
| #define PACKAGE_VERSION "2"
| #define PACKAGE_STRING "PLUMED 2"
| #define PACKAGE_BUGREPORT ""
| #define PACKAGE_URL ""
| #define __PLUMED_WRAPPER_LIBCXX11 1
| #define __PLUMED_CXX17_FILESYSTEM 1
| /* end confdefs.h.  */
| 
| /* Override any GCC internal prototype to avoid an error.
|    Use char because int might match the return type of a GCC
|    builtin and then its argument prototype would still apply.  */
| #ifdef __cplusplus
| extern "C"
| #endif
| char dgemv ();
| int
| main ()
| {
| return dgemv ();
|   ;
|   return 0;
| }
configure:5684: result: no
configure:5688: checking for library containing dgemv_
configure:5719: mpic++ -o conftest -O3 -fPIC -Wall -pedantic -std=c++17 -fno-gnu-unique   conftest.cpp  >&5
/usr/bin/ld: /tmp/ccyzYPzW.o: in function `main':
conftest.cpp:(.text.startup+0x9): undefined reference to `dgemv_'
collect2: error: ld returned 1 exit status
configure:5719: $? = 1
configure: failed program was:
| /* confdefs.h */
| #define PACKAGE_NAME "PLUMED"
| #define PACKAGE_TARNAME "plumed"
| #define PACKAGE_VERSION "2"
| #define PACKAGE_STRING "PLUMED 2"
| #define PACKAGE_BUGREPORT ""
| #define PACKAGE_URL ""
| #define __PLUMED_WRAPPER_LIBCXX11 1
| #define __PLUMED_CXX17_FILESYSTEM 1
| /* end confdefs.h.  */
| 
| /* Override any GCC internal prototype to avoid an error.
|    Use char because int might match the return type of a GCC
|    builtin and then its argument prototype would still apply.  */
| #ifdef __cplusplus
| extern "C"
| #endif
| char dgemv_ ();
| int
| main ()
| {
| return dgemv_ ();
|   ;
|   return 0;
| }
configure:5719: mpic++ -o conftest -O3 -fPIC -Wall -pedantic -std=c++17 -fno-gnu-unique   conftest.cpp -lblas   >&5
/usr/bin/ld: cannot find -lblas: No such file or directory
collect2: error: ld returned 1 exit status
configure:5719: $? = 1
configure: failed program was:
| /* confdefs.h */
| #define PACKAGE_NAME "PLUMED"
| #define PACKAGE_TARNAME "plumed"
| #define PACKAGE_VERSION "2"
| #define PACKAGE_STRING "PLUMED 2"
| #define PACKAGE_BUGREPORT ""
| #define PACKAGE_URL ""
| #define __PLUMED_WRAPPER_LIBCXX11 1
| #define __PLUMED_CXX17_FILESYSTEM 1
| /* end confdefs.h.  */
| 
| /* Override any GCC internal prototype to avoid an error.
|    Use char because int might match the return type of a GCC
|    builtin and then its argument prototype would still apply.  */
| #ifdef __cplusplus
| extern "C"
| #endif
| char dgemv_ ();
| int
| main ()
| {
| return dgemv_ ();
|   ;
|   return 0;
| }
configure:5736: result: no
configure:5746: checking for library containing dgemv
configure:5777: mpic++ -o conftest -O3 -fPIC -Wall -pedantic -std=c++17 -fno-gnu-unique   conftest.cpp  >&5
/usr/bin/ld: /tmp/cc5pRWVa.o: in function `main':
conftest.cpp:(.text.startup+0x9): undefined reference to `dgemv'
collect2: error: ld returned 1 exit status
configure:5777: $? = 1
configure: failed program was:
| /* confdefs.h */
| #define PACKAGE_NAME "PLUMED"
| #define PACKAGE_TARNAME "plumed"
| #define PACKAGE_VERSION "2"
| #define PACKAGE_STRING "PLUMED 2"
| #define PACKAGE_BUGREPORT ""
| #define PACKAGE_URL ""
| #define __PLUMED_WRAPPER_LIBCXX11 1
| #define __PLUMED_CXX17_FILESYSTEM 1
| /* end confdefs.h.  */
| 
| /* Override any GCC internal prototype to avoid an error.
|    Use char because int might match the return type of a GCC
|    builtin and then its argument prototype would still apply.  */
| #ifdef __cplusplus
| extern "C"
| #endif
| char dgemv ();
| int
| main ()
| {
| return dgemv ();
|   ;
|   return 0;
| }
configure:5777: mpic++ -o conftest -O3 -fPIC -Wall -pedantic -std=c++17 -fno-gnu-unique   conftest.cpp -lblas   >&5
/usr/bin/ld: cannot find -lblas: No such file or directory
collect2: error: ld returned 1 exit status
configure:5777: $? = 1
configure: failed program was:
| /* confdefs.h */
| #define PACKAGE_NAME "PLUMED"
| #define PACKAGE_TARNAME "plumed"
| #define PACKAGE_VERSION "2"
| #define PACKAGE_STRING "PLUMED 2"
| #define PACKAGE_BUGREPORT ""
| #define PACKAGE_URL ""
| #define __PLUMED_WRAPPER_LIBCXX11 1
| #define __PLUMED_CXX17_FILESYSTEM 1
| /* end confdefs.h.  */
| 
| /* Override any GCC internal prototype to avoid an error.
|    Use char because int might match the return type of a GCC
|    builtin and then its argument prototype would still apply.  */
| #ifdef __cplusplus
| extern "C"
| #endif
| char dgemv ();
| int
| main ()
| {
| return dgemv ();
|   ;
|   return 0;
| }
configure:5794: result: no
configure:6055: WARNING: using internal lapack and blas, could be inefficient
configure:6338: Now we will check for optional headers and libraries
configure:6364: checking how to run the C++ preprocessor
configure:6391: mpic++ -E  conftest.cpp
configure:6391: $? = 0
configure:6405: mpic++ -E  conftest.cpp
conftest.cpp:12:10: fatal error: ac_nonexistent.h: No such file or directory
   12 | #include <ac_nonexistent.h>
      |          ^~~~~~~~~~~~~~~~~~
compilation terminated.
configure:6405: $? = 1
configure: failed program was:
| /* confdefs.h */
| #define PACKAGE_NAME "PLUMED"
| #define PACKAGE_TARNAME "plumed"
| #define PACKAGE_VERSION "2"
| #define PACKAGE_STRING "PLUMED 2"
| #define PACKAGE_BUGREPORT ""
| #define PACKAGE_URL ""
| #define __PLUMED_WRAPPER_LIBCXX11 1
| #define __PLUMED_CXX17_FILESYSTEM 1
| #define __PLUMED_HAS_MOLFILE_PLUGINS 1
| /* end confdefs.h.  */
| #include <ac_nonexistent.h>
configure:6430: result: mpic++ -E
configure:6450: mpic++ -E  conftest.cpp
configure:6450: $? = 0
configure:6464: mpic++ -E  conftest.cpp
conftest.cpp:12:10: fatal error: ac_nonexistent.h: No such file or directory
   12 | #include <ac_nonexistent.h>
      |          ^~~~~~~~~~~~~~~~~~
compilation terminated.
configure:6464: $? = 1
configure: failed program was:
| /* confdefs.h */
| #define PACKAGE_NAME "PLUMED"
| #define PACKAGE_TARNAME "plumed"
| #define PACKAGE_VERSION "2"
| #define PACKAGE_STRING "PLUMED 2"
| #define PACKAGE_BUGREPORT ""
| #define PACKAGE_URL ""
| #define __PLUMED_WRAPPER_LIBCXX11 1
| #define __PLUMED_CXX17_FILESYSTEM 1
| #define __PLUMED_HAS_MOLFILE_PLUGINS 1
| /* end confdefs.h.  */
| #include <ac_nonexistent.h>
configure:6493: checking for grep that handles long lines and -e
configure:6551: result: /usr/bin/grep
configure:6556: checking for egrep
configure:6618: result: /usr/bin/grep -E
configure:6623: checking for ANSI C header files
configure:6643: mpic++ -c -O3 -fPIC -Wall -pedantic -std=c++17 -fno-gnu-unique  conftest.cpp >&5
configure:6643: $? = 0
configure:6716: mpic++ -o conftest -O3 -fPIC -Wall -pedantic -std=c++17 -fno-gnu-unique   conftest.cpp  >&5
configure:6716: $? = 0
configure:6716: ./conftest
configure:6716: $? = 0
configure:6727: result: yes
configure:6740: checking for sys/types.h
configure:6740: mpic++ -c -O3 -fPIC -Wall -pedantic -std=c++17 -fno-gnu-unique  conftest.cpp >&5
configure:6740: $? = 0
configure:6740: result: yes
configure:6740: checking for sys/stat.h
configure:6740: mpic++ -c -O3 -fPIC -Wall -pedantic -std=c++17 -fno-gnu-unique  conftest.cpp >&5
configure:6740: $? = 0
configure:6740: result: yes
configure:6740: checking for stdlib.h
configure:6740: mpic++ -c -O3 -fPIC -Wall -pedantic -std=c++17 -fno-gnu-unique  conftest.cpp >&5
configure:6740: $? = 0
configure:6740: result: yes
configure:6740: checking for string.h
configure:6740: mpic++ -c -O3 -fPIC -Wall -pedantic -std=c++17 -fno-gnu-unique  conftest.cpp >&5
configure:6740: $? = 0
configure:6740: result: yes
configure:6740: checking for memory.h
configure:6740: mpic++ -c -O3 -fPIC -Wall -pedantic -std=c++17 -fno-gnu-unique  conftest.cpp >&5
configure:6740: $? = 0
configure:6740: result: yes
configure:6740: checking for strings.h
configure:6740: mpic++ -c -O3 -fPIC -Wall -pedantic -std=c++17 -fno-gnu-unique  conftest.cpp >&5
configure:6740: $? = 0
configure:6740: result: yes
configure:6740: checking for inttypes.h
configure:6740: mpic++ -c -O3 -fPIC -Wall -pedantic -std=c++17 -fno-gnu-unique  conftest.cpp >&5
configure:6740: $? = 0
configure:6740: result: yes
configure:6740: checking for stdint.h
configure:6740: mpic++ -c -O3 -fPIC -Wall -pedantic -std=c++17 -fno-gnu-unique  conftest.cpp >&5
configure:6740: $? = 0
configure:6740: result: yes
configure:6740: checking for unistd.h
configure:6740: mpic++ -c -O3 -fPIC -Wall -pedantic -std=c++17 -fno-gnu-unique  conftest.cpp >&5
configure:6740: $? = 0
configure:6740: result: yes
configure:6755: checking libmolfile_plugin.h usability
configure:6755: mpic++ -c -O3 -fPIC -Wall -pedantic -std=c++17 -fno-gnu-unique  conftest.cpp >&5
conftest.cpp:55:10: fatal error: libmolfile_plugin.h: No such file or directory
   55 | #include <libmolfile_plugin.h>
      |          ^~~~~~~~~~~~~~~~~~~~~
compilation terminated.
configure:6755: $? = 1
configure: failed program was:
| /* confdefs.h */
| #define PACKAGE_NAME "PLUMED"
| #define PACKAGE_TARNAME "plumed"
| #define PACKAGE_VERSION "2"
| #define PACKAGE_STRING "PLUMED 2"
| #define PACKAGE_BUGREPORT ""
| #define PACKAGE_URL ""
| #define __PLUMED_WRAPPER_LIBCXX11 1
| #define __PLUMED_CXX17_FILESYSTEM 1
| #define __PLUMED_HAS_MOLFILE_PLUGINS 1
| #define STDC_HEADERS 1
| #define HAVE_SYS_TYPES_H 1
| #define HAVE_SYS_STAT_H 1
| #define HAVE_STDLIB_H 1
| #define HAVE_STRING_H 1
| #define HAVE_MEMORY_H 1
| #define HAVE_STRINGS_H 1
| #define HAVE_INTTYPES_H 1
| #define HAVE_STDINT_H 1
| #define HAVE_UNISTD_H 1
| /* end confdefs.h.  */
| #include <stdio.h>
| #ifdef HAVE_SYS_TYPES_H
| # include <sys/types.h>
| #endif
| #ifdef HAVE_SYS_STAT_H
| # include <sys/stat.h>
| #endif
| #ifdef STDC_HEADERS
| # include <stdlib.h>
| # include <stddef.h>
| #else
| # ifdef HAVE_STDLIB_H
| #  include <stdlib.h>
| # endif
| #endif
| #ifdef HAVE_STRING_H
| # if !defined STDC_HEADERS && defined HAVE_MEMORY_H
| #  include <memory.h>
| # endif
| # include <string.h>
| #endif
| #ifdef HAVE_STRINGS_H
| # include <strings.h>
| #endif
| #ifdef HAVE_INTTYPES_H
| # include <inttypes.h>
| #endif
| #ifdef HAVE_STDINT_H
| # include <stdint.h>
| #endif
| #ifdef HAVE_UNISTD_H
| # include <unistd.h>
| #endif
| #include <libmolfile_plugin.h>
configure:6755: result: no
configure:6755: checking libmolfile_plugin.h presence
configure:6755: mpic++ -E  conftest.cpp
conftest.cpp:22:10: fatal error: libmolfile_plugin.h: No such file or directory
   22 | #include <libmolfile_plugin.h>
      |          ^~~~~~~~~~~~~~~~~~~~~
compilation terminated.
configure:6755: $? = 1
configure: failed program was:
| /* confdefs.h */
| #define PACKAGE_NAME "PLUMED"
| #define PACKAGE_TARNAME "plumed"
| #define PACKAGE_VERSION "2"
| #define PACKAGE_STRING "PLUMED 2"
| #define PACKAGE_BUGREPORT ""
| #define PACKAGE_URL ""
| #define __PLUMED_WRAPPER_LIBCXX11 1
| #define __PLUMED_CXX17_FILESYSTEM 1
| #define __PLUMED_HAS_MOLFILE_PLUGINS 1
| #define STDC_HEADERS 1
| #define HAVE_SYS_TYPES_H 1
| #define HAVE_SYS_STAT_H 1
| #define HAVE_STDLIB_H 1
| #define HAVE_STRING_H 1
| #define HAVE_MEMORY_H 1
| #define HAVE_STRINGS_H 1
| #define HAVE_INTTYPES_H 1
| #define HAVE_STDINT_H 1
| #define HAVE_UNISTD_H 1
| /* end confdefs.h.  */
| #include <libmolfile_plugin.h>
configure:6755: result: no
configure:6755: checking for libmolfile_plugin.h
configure:6755: result: no
configure:6884: WARNING: cannot enable __PLUMED_HAS_EXTERNAL_MOLFILE_PLUGINS
configure:6889: WARNING: using internal molfile_plugins, which only support dcd/xtc/trr/trj/crd files
configure:6901: checking for dlopen in -ldl
configure:6926: mpic++ -o conftest -O3 -fPIC -Wall -pedantic -std=c++17 -fno-gnu-unique   conftest.cpp -ldl   >&5
configure:6926: $? = 0
configure:6935: result: yes
configure:6946: checking dlfcn.h usability
configure:6946: mpic++ -c -O3 -fPIC -Wall -pedantic -std=c++17 -fno-gnu-unique  conftest.cpp >&5
configure:6946: $? = 0
configure:6946: result: yes
configure:6946: checking dlfcn.h presence
configure:6946: mpic++ -E  conftest.cpp
configure:6946: $? = 0
configure:6946: result: yes
configure:6946: checking for dlfcn.h
configure:6946: result: yes
configure:6951: checking for library containing dladdr
configure:6982: mpic++ -o conftest -O3 -fPIC -Wall -pedantic -std=c++17 -fno-gnu-unique   conftest.cpp -ldl  >&5
configure:6982: $? = 0
configure:6999: result: none required
configure:7086: checking mpi.h usability
configure:7086: mpic++ -c -O3 -fPIC -Wall -pedantic -std=c++17 -fno-gnu-unique  conftest.cpp >&5
configure:7086: $? = 0
configure:7086: result: yes
configure:7086: checking mpi.h presence
configure:7086: mpic++ -E  conftest.cpp
configure:7086: $? = 0
configure:7086: result: yes
configure:7086: checking for mpi.h
configure:7086: result: yes
configure:7091: checking for library containing MPI_Init
configure:7122: mpic++ -o conftest -O3 -fPIC -Wall -pedantic -std=c++17 -fno-gnu-unique   conftest.cpp -ldl  >&5
configure:7122: $? = 0
configure:7139: result: none required
configure:7236: checking for mpic++ option to support OpenMP
configure:7251: mpic++ -o conftest -O3 -fPIC -Wall -pedantic -std=c++17 -fno-gnu-unique   conftest.cpp -ldl  >&5
conftest.cpp:26:2: error: 'choke' does not name a type
   26 |  choke me
      |  ^~~~~
In file included from conftest.cpp:28:
/usr/lib/gcc/x86_64-linux-gnu/13/include/omp.h:51:3: error: 'omp_lock_t' does not name a type
   51 | } omp_lock_t;
      |   ^~~~~~~~~~
/usr/lib/gcc/x86_64-linux-gnu/13/include/omp.h:227:13: error: variable or field 'omp_init_lock' declared void
  227 | extern void omp_init_lock (omp_lock_t *) __GOMP_NOTHROW;
      |             ^~~~~~~~~~~~~
/usr/lib/gcc/x86_64-linux-gnu/13/include/omp.h:227:28: error: 'omp_lock_t' was not declared in this scope
  227 | extern void omp_init_lock (omp_lock_t *) __GOMP_NOTHROW;
      |                            ^~~~~~~~~~
/usr/lib/gcc/x86_64-linux-gnu/13/include/omp.h:227:40: error: expected primary-expression before ')' token
  227 | extern void omp_init_lock (omp_lock_t *) __GOMP_NOTHROW;
      |                                        ^
/usr/lib/gcc/x86_64-linux-gnu/13/include/omp.h:228:13: error: variable or field 'omp_init_lock_with_hint' declared void
  228 | extern void omp_init_lock_with_hint (omp_lock_t *, omp_sync_hint_t)
      |             ^~~~~~~~~~~~~~~~~~~~~~~
/usr/lib/gcc/x86_64-linux-gnu/13/include/omp.h:228:38: error: 'omp_lock_t' was not declared in this scope
  228 | extern void omp_init_lock_with_hint (omp_lock_t *, omp_sync_hint_t)
      |                                      ^~~~~~~~~~
/usr/lib/gcc/x86_64-linux-gnu/13/include/omp.h:228:50: error: expected primary-expression before ',' token
  228 | extern void omp_init_lock_with_hint (omp_lock_t *, omp_sync_hint_t)
      |                                                  ^
/usr/lib/gcc/x86_64-linux-gnu/13/include/omp.h:228:67: error: expected primary-expression before ')' token
  228 | extern void omp_init_lock_with_hint (omp_lock_t *, omp_sync_hint_t)
      |                                                                   ^
/usr/lib/gcc/x86_64-linux-gnu/13/include/omp.h:230:13: error: variable or field 'omp_destroy_lock' declared void
  230 | extern void omp_destroy_lock (omp_lock_t *) __GOMP_NOTHROW;
      |             ^~~~~~~~~~~~~~~~
/usr/lib/gcc/x86_64-linux-gnu/13/include/omp.h:230:31: error: 'omp_lock_t' was not declared in this scope
  230 | extern void omp_destroy_lock (omp_lock_t *) __GOMP_NOTHROW;
      |                               ^~~~~~~~~~
/usr/lib/gcc/x86_64-linux-gnu/13/include/omp.h:230:43: error: expected primary-expression before ')' token
  230 | extern void omp_destroy_lock (omp_lock_t *) __GOMP_NOTHROW;
      |                                           ^
/usr/lib/gcc/x86_64-linux-gnu/13/include/omp.h:231:13: error: variable or field 'omp_set_lock' declared void
  231 | extern void omp_set_lock (omp_lock_t *) __GOMP_NOTHROW;
      |             ^~~~~~~~~~~~
/usr/lib/gcc/x86_64-linux-gnu/13/include/omp.h:231:27: error: 'omp_lock_t' was not declared in this scope
  231 | extern void omp_set_lock (omp_lock_t *) __GOMP_NOTHROW;
      |                           ^~~~~~~~~~
/usr/lib/gcc/x86_64-linux-gnu/13/include/omp.h:231:39: error: expected primary-expression before ')' token
  231 | extern void omp_set_lock (omp_lock_t *) __GOMP_NOTHROW;
      |                                       ^
/usr/lib/gcc/x86_64-linux-gnu/13/include/omp.h:232:13: error: variable or field 'omp_unset_lock' declared void
  232 | extern void omp_unset_lock (omp_lock_t *) __GOMP_NOTHROW;
      |             ^~~~~~~~~~~~~~
/usr/lib/gcc/x86_64-linux-gnu/13/include/omp.h:232:29: error: 'omp_lock_t' was not declared in this scope
  232 | extern void omp_unset_lock (omp_lock_t *) __GOMP_NOTHROW;
      |                             ^~~~~~~~~~
/usr/lib/gcc/x86_64-linux-gnu/13/include/omp.h:232:41: error: expected primary-expression before ')' token
  232 | extern void omp_unset_lock (omp_lock_t *) __GOMP_NOTHROW;
      |                                         ^
/usr/lib/gcc/x86_64-linux-gnu/13/include/omp.h:233:27: error: 'omp_lock_t' was not declared in this scope
  233 | extern int omp_test_lock (omp_lock_t *) __GOMP_NOTHROW;
      |                           ^~~~~~~~~~
/usr/lib/gcc/x86_64-linux-gnu/13/include/omp.h:233:39: error: expected primary-expression before ')' token
  233 | extern int omp_test_lock (omp_lock_t *) __GOMP_NOTHROW;
      |                                       ^
configure:7251: $? = 1
configure: failed program was:
| /* confdefs.h */
| #define PACKAGE_NAME "PLUMED"
| #define PACKAGE_TARNAME "plumed"
| #define PACKAGE_VERSION "2"
| #define PACKAGE_STRING "PLUMED 2"
| #define PACKAGE_BUGREPORT ""
| #define PACKAGE_URL ""
| #define __PLUMED_WRAPPER_LIBCXX11 1
| #define __PLUMED_CXX17_FILESYSTEM 1
| #define __PLUMED_HAS_MOLFILE_PLUGINS 1
| #define STDC_HEADERS 1
| #define HAVE_SYS_TYPES_H 1
| #define HAVE_SYS_STAT_H 1
| #define HAVE_STDLIB_H 1
| #define HAVE_STRING_H 1
| #define HAVE_MEMORY_H 1
| #define HAVE_STRINGS_H 1
| #define HAVE_INTTYPES_H 1
| #define HAVE_STDINT_H 1
| #define HAVE_UNISTD_H 1
| #define __PLUMED_HAS_DLADDR 1
| #define __PLUMED_HAS_MPI 1
| /* end confdefs.h.  */
| 
| #ifndef _OPENMP
|  choke me
| #endif
| #include <omp.h>
| int main () { return omp_get_num_threads (); }
| 
configure:7269: mpic++ -o conftest -O3 -fPIC -Wall -pedantic -std=c++17 -fno-gnu-unique -fopenmp   conftest.cpp -ldl  >&5
configure:7269: $? = 0
configure:7283: result: -fopenmp
configure:7296: checking whether architecture is X86/X64
configure:7317: mpic++ -c -O3 -fPIC -Wall -pedantic -std=c++17 -fno-gnu-unique  conftest.cpp >&5
configure:7317: $? = 0
configure:7318: result: yes
configure:7341: checking for library containing clock_gettime
configure:7372: mpic++ -o conftest -O3 -fPIC -Wall -pedantic -std=c++17 -fno-gnu-unique   conftest.cpp -ldl  >&5
configure:7372: $? = 0
configure:7389: result: none required
configure:7460: Enabling embedded asmjit
configure:7474: checking for dlfcn.h
configure:7474: result: yes
configure:7479: checking for library containing dlopen
configure:7510: mpic++ -o conftest -O3 -fPIC -Wall -pedantic -std=c++17 -fno-gnu-unique   conftest.cpp -ldl  >&5
configure:7510: $? = 0
configure:7527: result: none required
configure:7633: checking RTLD_DEFAULT without extra libs
configure:7647: mpic++ -o conftest -O3 -fPIC -Wall -pedantic -std=c++17 -fno-gnu-unique   conftest.cpp -ldl  >&5
conftest.cpp: In function 'int main()':
conftest.cpp:31:9: warning: unused variable 'f' [-Wunused-variable]
   31 |   void* f=dlsym(RTLD_DEFAULT,"path");
      |         ^
configure:7647: $? = 0
configure:7649: result: yes
configure:7760: checking subprocess without extra libs
configure:7797: mpic++ -o conftest -O3 -fPIC -Wall -pedantic -std=c++17 -fno-gnu-unique   conftest.cpp -ldl  >&5
conftest.cpp: In function 'int main()':
conftest.cpp:38:9: warning: variable 'fp' set but not used [-Wunused-but-set-variable]
   38 |   FILE* fp;
      |         ^~
conftest.cpp:43:8: warning: array subscript 3 is above array bounds of 'char* [3]' [-Warray-bounds=]
   43 |   arr[3]=NULL;
      |   ~~~~~^
conftest.cpp:39:9: note: while referencing 'arr'
   39 |   char* arr[3];
      |         ^~~
configure:7797: $? = 0
configure:7799: result: yes
configure:7936: checking execinfo.h usability
configure:7936: mpic++ -c -O3 -fPIC -Wall -pedantic -std=c++17 -fno-gnu-unique  conftest.cpp >&5
configure:7936: $? = 0
configure:7936: result: yes
configure:7936: checking execinfo.h presence
configure:7936: mpic++ -E  conftest.cpp
configure:7936: $? = 0
configure:7936: result: yes
configure:7936: checking for execinfo.h
configure:7936: result: yes
configure:7941: checking for library containing backtrace
configure:7972: mpic++ -o conftest -O3 -fPIC -Wall -pedantic -std=c++17 -fno-gnu-unique   conftest.cpp -ldl  >&5
configure:7972: $? = 0
configure:7989: result: none required
configure:8074: checking zlib.h usability
configure:8074: mpic++ -c -O3 -fPIC -Wall -pedantic -std=c++17 -fno-gnu-unique  conftest.cpp >&5
configure:8074: $? = 0
configure:8074: result: yes
configure:8074: checking zlib.h presence
configure:8074: mpic++ -E  conftest.cpp
configure:8074: $? = 0
configure:8074: result: yes
configure:8074: checking for zlib.h
configure:8074: result: yes
configure:8079: checking for library containing gzopen
configure:8110: mpic++ -o conftest -O3 -fPIC -Wall -pedantic -std=c++17 -fno-gnu-unique   conftest.cpp -ldl  >&5
/usr/bin/ld: /tmp/ccQwrUvI.o: in function `main':
conftest.cpp:(.text.startup+0x9): undefined reference to `gzopen'
collect2: error: ld returned 1 exit status
configure:8110: $? = 1
configure: failed program was:
| /* confdefs.h */
| #define PACKAGE_NAME "PLUMED"
| #define PACKAGE_TARNAME "plumed"
| #define PACKAGE_VERSION "2"
| #define PACKAGE_STRING "PLUMED 2"
| #define PACKAGE_BUGREPORT ""
| #define PACKAGE_URL ""
| #define __PLUMED_WRAPPER_LIBCXX11 1
| #define __PLUMED_CXX17_FILESYSTEM 1
| #define __PLUMED_HAS_MOLFILE_PLUGINS 1
| #define STDC_HEADERS 1
| #define HAVE_SYS_TYPES_H 1
| #define HAVE_SYS_STAT_H 1
| #define HAVE_STDLIB_H 1
| #define HAVE_STRING_H 1
| #define HAVE_MEMORY_H 1
| #define HAVE_STRINGS_H 1
| #define HAVE_INTTYPES_H 1
| #define HAVE_STDINT_H 1
| #define HAVE_UNISTD_H 1
| #define __PLUMED_HAS_DLADDR 1
| #define __PLUMED_HAS_MPI 1
| #define __PLUMED_HAS_ASMJIT 1
| #define __PLUMED_HAS_DLOPEN 1
| #define __PLUMED_HAS_RTLD_DEFAULT 1
| #define __PLUMED_HAS_SUBPROCESS 1
| #define __PLUMED_HAS_EXECINFO 1
| /* end confdefs.h.  */
| 
| /* Override any GCC internal prototype to avoid an error.
|    Use char because int might match the return type of a GCC
|    builtin and then its argument prototype would still apply.  */
| #ifdef __cplusplus
| extern "C"
| #endif
| char gzopen ();
| int
| main ()
| {
| return gzopen ();
|   ;
|   return 0;
| }
configure:8110: mpic++ -o conftest -O3 -fPIC -Wall -pedantic -std=c++17 -fno-gnu-unique   conftest.cpp -lz  -ldl  >&5
configure:8110: $? = 0
configure:8127: result: -lz
configure:8213: checking for library containing cblas_dgemv
configure:8244: mpic++ -o conftest -O3 -fPIC -Wall -pedantic -std=c++17 -fno-gnu-unique   conftest.cpp -lz -ldl  >&5
/usr/bin/ld: /tmp/ccsYWsBe.o: in function `main':
conftest.cpp:(.text.startup+0x9): undefined reference to `cblas_dgemv'
collect2: error: ld returned 1 exit status
configure:8244: $? = 1
configure: failed program was:
| /* confdefs.h */
| #define PACKAGE_NAME "PLUMED"
| #define PACKAGE_TARNAME "plumed"
| #define PACKAGE_VERSION "2"
| #define PACKAGE_STRING "PLUMED 2"
| #define PACKAGE_BUGREPORT ""
| #define PACKAGE_URL ""
| #define __PLUMED_WRAPPER_LIBCXX11 1
| #define __PLUMED_CXX17_FILESYSTEM 1
| #define __PLUMED_HAS_MOLFILE_PLUGINS 1
| #define STDC_HEADERS 1
| #define HAVE_SYS_TYPES_H 1
| #define HAVE_SYS_STAT_H 1
| #define HAVE_STDLIB_H 1
| #define HAVE_STRING_H 1
| #define HAVE_MEMORY_H 1
| #define HAVE_STRINGS_H 1
| #define HAVE_INTTYPES_H 1
| #define HAVE_STDINT_H 1
| #define HAVE_UNISTD_H 1
| #define __PLUMED_HAS_DLADDR 1
| #define __PLUMED_HAS_MPI 1
| #define __PLUMED_HAS_ASMJIT 1
| #define __PLUMED_HAS_DLOPEN 1
| #define __PLUMED_HAS_RTLD_DEFAULT 1
| #define __PLUMED_HAS_SUBPROCESS 1
| #define __PLUMED_HAS_EXECINFO 1
| #define __PLUMED_HAS_ZLIB 1
| /* end confdefs.h.  */
| 
| /* Override any GCC internal prototype to avoid an error.
|    Use char because int might match the return type of a GCC
|    builtin and then its argument prototype would still apply.  */
| #ifdef __cplusplus
| extern "C"
| #endif
| char cblas_dgemv ();
| int
| main ()
| {
| return cblas_dgemv ();
|   ;
|   return 0;
| }
configure:8244: mpic++ -o conftest -O3 -fPIC -Wall -pedantic -std=c++17 -fno-gnu-unique   conftest.cpp -lgslcblas  -lz -ldl  >&5
/usr/bin/ld: cannot find -lgslcblas: No such file or directory
collect2: error: ld returned 1 exit status
configure:8244: $? = 1
configure: failed program was:
| /* confdefs.h */
| #define PACKAGE_NAME "PLUMED"
| #define PACKAGE_TARNAME "plumed"
| #define PACKAGE_VERSION "2"
| #define PACKAGE_STRING "PLUMED 2"
| #define PACKAGE_BUGREPORT ""
| #define PACKAGE_URL ""
| #define __PLUMED_WRAPPER_LIBCXX11 1
| #define __PLUMED_CXX17_FILESYSTEM 1
| #define __PLUMED_HAS_MOLFILE_PLUGINS 1
| #define STDC_HEADERS 1
| #define HAVE_SYS_TYPES_H 1
| #define HAVE_SYS_STAT_H 1
| #define HAVE_STDLIB_H 1
| #define HAVE_STRING_H 1
| #define HAVE_MEMORY_H 1
| #define HAVE_STRINGS_H 1
| #define HAVE_INTTYPES_H 1
| #define HAVE_STDINT_H 1
| #define HAVE_UNISTD_H 1
| #define __PLUMED_HAS_DLADDR 1
| #define __PLUMED_HAS_MPI 1
| #define __PLUMED_HAS_ASMJIT 1
| #define __PLUMED_HAS_DLOPEN 1
| #define __PLUMED_HAS_RTLD_DEFAULT 1
| #define __PLUMED_HAS_SUBPROCESS 1
| #define __PLUMED_HAS_EXECINFO 1
| #define __PLUMED_HAS_ZLIB 1
| /* end confdefs.h.  */
| 
| /* Override any GCC internal prototype to avoid an error.
|    Use char because int might match the return type of a GCC
|    builtin and then its argument prototype would still apply.  */
| #ifdef __cplusplus
| extern "C"
| #endif
| char cblas_dgemv ();
| int
| main ()
| {
| return cblas_dgemv ();
|   ;
|   return 0;
| }
configure:8261: result: no
configure:8582: WARNING: cannot enable __PLUMED_HAS_GSL
configure:8852: checking fftw3.h usability
configure:8852: mpic++ -c -O3 -fPIC -Wall -pedantic -std=c++17 -fno-gnu-unique  conftest.cpp >&5
configure:8852: $? = 0
configure:8852: result: yes
configure:8852: checking fftw3.h presence
configure:8852: mpic++ -E  conftest.cpp
configure:8852: $? = 0
configure:8852: result: yes
configure:8852: checking for fftw3.h
configure:8852: result: yes
configure:8857: checking for library containing fftw_execute
configure:8888: mpic++ -o conftest -O3 -fPIC -Wall -pedantic -std=c++17 -fno-gnu-unique   conftest.cpp -lz -ldl  >&5
/usr/bin/ld: /tmp/ccCAWrib.o: in function `main':
conftest.cpp:(.text.startup+0x9): undefined reference to `fftw_execute'
collect2: error: ld returned 1 exit status
configure:8888: $? = 1
configure: failed program was:
| /* confdefs.h */
| #define PACKAGE_NAME "PLUMED"
| #define PACKAGE_TARNAME "plumed"
| #define PACKAGE_VERSION "2"
| #define PACKAGE_STRING "PLUMED 2"
| #define PACKAGE_BUGREPORT ""
| #define PACKAGE_URL ""
| #define __PLUMED_WRAPPER_LIBCXX11 1
| #define __PLUMED_CXX17_FILESYSTEM 1
| #define __PLUMED_HAS_MOLFILE_PLUGINS 1
| #define STDC_HEADERS 1
| #define HAVE_SYS_TYPES_H 1
| #define HAVE_SYS_STAT_H 1
| #define HAVE_STDLIB_H 1
| #define HAVE_STRING_H 1
| #define HAVE_MEMORY_H 1
| #define HAVE_STRINGS_H 1
| #define HAVE_INTTYPES_H 1
| #define HAVE_STDINT_H 1
| #define HAVE_UNISTD_H 1
| #define __PLUMED_HAS_DLADDR 1
| #define __PLUMED_HAS_MPI 1
| #define __PLUMED_HAS_ASMJIT 1
| #define __PLUMED_HAS_DLOPEN 1
| #define __PLUMED_HAS_RTLD_DEFAULT 1
| #define __PLUMED_HAS_SUBPROCESS 1
| #define __PLUMED_HAS_EXECINFO 1
| #define __PLUMED_HAS_ZLIB 1
| /* end confdefs.h.  */
| 
| /* Override any GCC internal prototype to avoid an error.
|    Use char because int might match the return type of a GCC
|    builtin and then its argument prototype would still apply.  */
| #ifdef __cplusplus
| extern "C"
| #endif
| char fftw_execute ();
| int
| main ()
| {
| return fftw_execute ();
|   ;
|   return 0;
| }
configure:8888: mpic++ -o conftest -O3 -fPIC -Wall -pedantic -std=c++17 -fno-gnu-unique   conftest.cpp -lfftw3  -lz -ldl  >&5
/usr/bin/ld: cannot find -lfftw3: No such file or directory
collect2: error: ld returned 1 exit status
configure:8888: $? = 1
configure: failed program was:
| /* confdefs.h */
| #define PACKAGE_NAME "PLUMED"
| #define PACKAGE_TARNAME "plumed"
| #define PACKAGE_VERSION "2"
| #define PACKAGE_STRING "PLUMED 2"
| #define PACKAGE_BUGREPORT ""
| #define PACKAGE_URL ""
| #define __PLUMED_WRAPPER_LIBCXX11 1
| #define __PLUMED_CXX17_FILESYSTEM 1
| #define __PLUMED_HAS_MOLFILE_PLUGINS 1
| #define STDC_HEADERS 1
| #define HAVE_SYS_TYPES_H 1
| #define HAVE_SYS_STAT_H 1
| #define HAVE_STDLIB_H 1
| #define HAVE_STRING_H 1
| #define HAVE_MEMORY_H 1
| #define HAVE_STRINGS_H 1
| #define HAVE_INTTYPES_H 1
| #define HAVE_STDINT_H 1
| #define HAVE_UNISTD_H 1
| #define __PLUMED_HAS_DLADDR 1
| #define __PLUMED_HAS_MPI 1
| #define __PLUMED_HAS_ASMJIT 1
| #define __PLUMED_HAS_DLOPEN 1
| #define __PLUMED_HAS_RTLD_DEFAULT 1
| #define __PLUMED_HAS_SUBPROCESS 1
| #define __PLUMED_HAS_EXECINFO 1
| #define __PLUMED_HAS_ZLIB 1
| /* end confdefs.h.  */
| 
| /* Override any GCC internal prototype to avoid an error.
|    Use char because int might match the return type of a GCC
|    builtin and then its argument prototype would still apply.  */
| #ifdef __cplusplus
| extern "C"
| #endif
| char fftw_execute ();
| int
| main ()
| {
| return fftw_execute ();
|   ;
|   return 0;
| }
configure:8905: result: no
configure:8981: WARNING: cannot enable __PLUMED_HAS_FFTW
configure:9005: checking for python3
configure:9021: found /usr/bin/python3
configure:9032: result: python3
configure:9045: Python executable is python3
configure:9048: checking pycv: support for required python modules (python3, pybind11, numpy)
configure:9077: result: no
configure:9079: WARNING: cannot enable pycv
configure:9088: checking python wrapper: support for required python modules (python3, setuptools, cython)
configure:9099: result: yes
configure:10599: Release mode, adding -DNDEBUG
configure:10649: *** Special settings for dynamic libraries on Linux ***
configure:10651: Dynamic library extension is 'so'
configure:10653: LDSHARED and LDFLAGS need special flags
configure:10660: checking whether LDFLAGS can contain -rdynamic
configure:10673: mpic++ -o conftest -O3 -fPIC -Wall -pedantic -std=c++17 -fno-gnu-unique   -rdynamic conftest.cpp -lz -ldl  >&5
configure:10673: $? = 0
configure:10674: result: yes
configure:10687: checking whether LDFLAGS can contain -Wl,-Bsymbolic
configure:10700: mpic++ -o conftest -O3 -fPIC -Wall -pedantic -std=c++17 -fno-gnu-unique   -rdynamic -Wl,-Bsymbolic conftest.cpp -lz -ldl  >&5
configure:10700: $? = 0
configure:10701: result: yes
configure:10721: Using LDSHARED='mpic++ -shared'
configure:10723: Using LDFLAGS=' -rdynamic -Wl,-Bsymbolic'
configure:10725: checking whether LDSHARED can create dynamic libraries
configure:10733: result: yes
configure:10818: checking for doxygen
configure:10848: result: no
configure:10917: Manuals will not be generated
configure:10929: A PDF version of the manual will not be generated
configure:10936: checking whether a program can be run on this machine
configure:10963: mpic++ -o conftest -O3 -fPIC -Wall -pedantic -std=c++17 -fno-gnu-unique   -rdynamic -Wl,-Bsymbolic conftest.cpp -lz -ldl  >&5
configure:10963: $? = 0
configure:10963: ./conftest
configure:10963: $? = 0
configure:10964: result: yes
configure:10978: checking whether a program compiled with mpi can be run on this machine
configure:11001: mpic++ -o conftest -O3 -fPIC -Wall -pedantic -std=c++17 -fno-gnu-unique   -rdynamic -Wl,-Bsymbolic conftest.cpp -lz -ldl  >&5
configure:11001: $? = 0
configure:11001: ./conftest
configure:11001: $? = 0
configure:11002: result: yes
configure:11019: Regtest suite will use env var PLUMED_MPIRUN to run MPI tests (default: mpirun)
configure:11065: PLUMED seems to be configured properly!
configure:11067: **************************
configure:11074: checking whether C++ objects can be grouped with ld -r -o
configure:11101: result: yes
configure:11118: checking whether static libraries can be created with ar cr
configure:11145: result: yes
configure:11169: checking whether static-object constructors can be linked from a static archive
configure:11202: result: yes
configure:11213: I will now check if C++ objects can be linked by C/Fortran compilers
configure:11215: This is relevant if you want to use plumed patch --static on a non-C++ code
configure:11260: checking whether C can link a C++ object
configure:11271: result: no
configure:11260: checking whether C can link a C++ object with library -lstdc++
configure:11266: result: yes
configure:11260: checking whether FORTRAN can link a C++ object
configure:11266: result: yes
configure:11304: checking for pkg-config
configure:11322: found /usr/bin/pkg-config
configure:11334: result: /usr/bin/pkg-config
configure:11355: bash-completion is not installed or it is installed on a different prefix
configure:11366: bash completion for plumed will not be installed
configure:11410: **** PLUMED will be installed using the following paths:
configure:11412: **** prefix: /usr/local
configure:11419: **** exec_prefix: ${prefix}
configure:11421: **** bindir: ${exec_prefix}/bin
configure:11423: **** libdir: ${exec_prefix}/lib
configure:11425: **** includedir: ${prefix}/include
configure:11427: **** datarootdir: ${prefix}/share
configure:11429: **** datadir: ${datarootdir}
configure:11431: **** docdir: ${prefix}/share/doc/plumed
configure:11433: **** htmldir: ${docdir}
configure:11435: **** Executable will be named plumed
configure:11437: **** As of PLUMED 2.5, you cannot change paths anymore during "make install"
configure:11439: **** Please configure and make clean to change the prefix
configure:11443: WARNING: **** Bash completion for plumed will not be installed, please add the following two lines to your bashrc
configure:11445: WARNING: **** _plumed() { eval "$(plumed --no-mpi completion 2>/dev/null)";}
configure:11447: WARNING: **** complete -F _plumed -o default plumed
configure:11453: **** PLUMED will be compiled using MPI
configure:11495: **** PLUMED will be compiled without OPENACC
configure:11654: creating ./config.status

## ---------------------- ##
## Running config.status. ##
## ---------------------- ##

This file was extended by PLUMED config.status 2, which was
generated by GNU Autoconf 2.69.  Invocation command line was

  CONFIG_FILES    = 
  CONFIG_HEADERS  = 
  CONFIG_LINKS    = 
  CONFIG_COMMANDS = 
  $ ./config.status 

on bio016

config.status:766: creating Makefile.conf
config.status:766: creating sourceme.sh
config.status:766: creating stamp-h

## ---------------- ##
## Cache variables. ##
## ---------------- ##

ac_cv_c_compiler_gnu=yes
ac_cv_cxx_compiler_gnu=yes
ac_cv_env_BASH_COMPLETION_DIR_set=
ac_cv_env_BASH_COMPLETION_DIR_value=
ac_cv_env_CCC_set=
ac_cv_env_CCC_value=
ac_cv_env_CC_set=set
ac_cv_env_CC_value=gcc-13
ac_cv_env_CFLAGS_set=
ac_cv_env_CFLAGS_value=
ac_cv_env_CPPFLAGS_set=
ac_cv_env_CPPFLAGS_value=
ac_cv_env_CXXCPP_set=
ac_cv_env_CXXCPP_value=
ac_cv_env_CXXFLAGS_set=
ac_cv_env_CXXFLAGS_value=
ac_cv_env_CXX_set=
ac_cv_env_CXX_value=
ac_cv_env_FCFLAGS_set=
ac_cv_env_FCFLAGS_value=
ac_cv_env_FC_set=
ac_cv_env_FC_value=
ac_cv_env_LDFLAGS_set=
ac_cv_env_LDFLAGS_value=
ac_cv_env_LDSHARED_set=
ac_cv_env_LDSHARED_value=
ac_cv_env_LIBS_set=
ac_cv_env_LIBS_value=
ac_cv_env_MPIEXEC_set=
ac_cv_env_MPIEXEC_value=
ac_cv_env_PLUMED_ACC_GPU_set=
ac_cv_env_PLUMED_ACC_GPU_value=
ac_cv_env_PLUMED_ACC_TYPE_set=
ac_cv_env_PLUMED_ACC_TYPE_value=
ac_cv_env_PYTHON_BIN_set=
ac_cv_env_PYTHON_BIN_value=
ac_cv_env_SOEXT_set=
ac_cv_env_SOEXT_value=
ac_cv_env_STATIC_LIBS_set=
ac_cv_env_STATIC_LIBS_value=
ac_cv_env_build_alias_set=
ac_cv_env_build_alias_value=
ac_cv_env_host_alias_set=
ac_cv_env_host_alias_value=
ac_cv_env_target_alias_set=
ac_cv_env_target_alias_value=
ac_cv_fc_compiler_gnu=yes
ac_cv_header_dlfcn_h=yes
ac_cv_header_execinfo_h=yes
ac_cv_header_fftw3_h=yes
ac_cv_header_inttypes_h=yes
ac_cv_header_libmolfile_plugin_h=no
ac_cv_header_memory_h=yes
ac_cv_header_mpi_h=yes
ac_cv_header_stdc=yes
ac_cv_header_stdint_h=yes
ac_cv_header_stdlib_h=yes
ac_cv_header_string_h=yes
ac_cv_header_strings_h=yes
ac_cv_header_sys_stat_h=yes
ac_cv_header_sys_types_h=yes
ac_cv_header_unistd_h=yes
ac_cv_header_zlib_h=yes
ac_cv_lib_dl_dlopen=yes
ac_cv_objext=o
ac_cv_path_EGREP='/usr/bin/grep -E'
ac_cv_path_GREP=/usr/bin/grep
ac_cv_path_pkgconfig_bin=/usr/bin/pkg-config
ac_cv_prog_CXXCPP='mpic++ -E'
ac_cv_prog_PYTHON_BIN=python3
ac_cv_prog_ac_ct_CXX=mpic++
ac_cv_prog_ac_ct_FC=gfortran
ac_cv_prog_cc_c89=
ac_cv_prog_cc_g=yes
ac_cv_prog_cxx_g=yes
ac_cv_prog_cxx_openmp=-fopenmp
ac_cv_prog_fc_g=yes
ac_cv_search_MPI_Init='none required'
ac_cv_search_backtrace='none required'
ac_cv_search_cblas_dgemv=no
ac_cv_search_clock_gettime='none required'
ac_cv_search_dgemv=no
ac_cv_search_dgemv_=no
ac_cv_search_dladdr='none required'
ac_cv_search_dlopen='none required'
ac_cv_search_fftw_execute=no
ac_cv_search_gzopen=-lz

## ----------------- ##
## Output variables. ##
## ----------------- ##

AR_CR='ar cr'
BASH_COMPLETION_DIR=''
CC='gcc-13'
CFLAGS='-g -O2 -fPIC'
CPPFLAGS=''
CXX='mpic++'
CXXCPP='mpic++ -E'
CXXFLAGS='-O3 -fPIC -Wall -pedantic -std=c++17 -fno-gnu-unique'
CYTHON_FOUND='yes'
DEFS='-DPACKAGE_NAME=\"PLUMED\" -DPACKAGE_TARNAME=\"plumed\" -DPACKAGE_VERSION=\"2\" -DPACKAGE_STRING=\"PLUMED\ 2\" -DPACKAGE_BUGREPORT=\"\" -DPACKAGE_URL=\"\" -D__PLUMED_WRAPPER_LIBCXX11=1 -D__PLUMED_CXX17_FILESYSTEM=1 -D__PLUMED_HAS_MOLFILE_PLUGINS=1 -DSTDC_HEADERS=1 -DHAVE_SYS_TYPES_H=1 -DHAVE_SYS_STAT_H=1 -DHAVE_STDLIB_H=1 -DHAVE_STRING_H=1 -DHAVE_MEMORY_H=1 -DHAVE_STRINGS_H=1 -DHAVE_INTTYPES_H=1 -DHAVE_STDINT_H=1 -DHAVE_UNISTD_H=1 -D__PLUMED_HAS_DLADDR=1 -D__PLUMED_HAS_MPI=1 -D__PLUMED_HAS_ASMJIT=1 -D__PLUMED_HAS_DLOPEN=1 -D__PLUMED_HAS_RTLD_DEFAULT=1 -D__PLUMED_HAS_SUBPROCESS=1 -D__PLUMED_HAS_EXECINFO=1 -D__PLUMED_HAS_ZLIB=1 -D__PLUMED_HAS_PYTHON=1 -DNDEBUG=1 -D_REENTRANT=1 -D__PLUMED_PROGRAM_NAME=\"plumed\" -D__PLUMED_SOEXT=\"so\"'
ECHO_C=''
ECHO_N='-n'
ECHO_T=''
EGREP='/usr/bin/grep -E'
EXEEXT=''
FC='gfortran'
FCFLAGS='-g -O2'
GREP='/usr/bin/grep'
LDFLAGS=' -rdynamic -Wl,-Bsymbolic'
LDSHARED='mpic++ -shared'
LD_MAIN_RUNPATH=''
LD_RO='ld -r -o'
LIBOBJS=''
LIBS=' -lstdc++ -lz -ldl '
LTLIBOBJS=''
MPIEXEC=''
OBJEXT='o'
OPENMP_CXXFLAGS='-fopenmp'
PACKAGE_BUGREPORT=''
PACKAGE_NAME='PLUMED'
PACKAGE_STRING='PLUMED 2'
PACKAGE_TARNAME='plumed'
PACKAGE_URL=''
PACKAGE_VERSION='2'
PATH_SEPARATOR=':'
PLUMED_ACC_GPU=''
PLUMED_ACC_TYPE=''
PLUMED_CAN_PYCV=''
PYBIND11_CFLAGS=''
PYTHON_BIN='python3'
PYTHON_CFLAGS=''
PYTHON_LDFLAGS=''
SHELL='/bin/bash'
SOEXT='so'
STATIC_LIBS='-ldl '
ac_ct_CC=''
ac_ct_CXX='mpic++'
ac_ct_FC='gfortran'
bindir='${exec_prefix}/bin'
build_alias=''
build_dir='/home/noliveira/Programs/plumed/plumed2'
datadir='${datarootdir}'
datarootdir='${prefix}/share'
disable_dependency_tracking='no'
docdir='${datarootdir}/doc/${PACKAGE_TARNAME}'
dot=''
doxygen=''
dvidir='${docdir}'
exec_prefix='${prefix}'
host_alias=''
htmldir='${docdir}'
includedir='${prefix}/include'
infodir='${datarootdir}/info'
libdir='${exec_prefix}/lib'
libexecdir='${exec_prefix}/libexec'
localedir='${datarootdir}/locale'
localstatedir='${prefix}/var'
make_doc='no'
make_pdfdoc='no'
make_static_archive='yes'
mandir='${datarootdir}/man'
oldincludedir='/usr/include'
pdfdir='${docdir}'
pkgconfig_bin=''
prefix='/usr/local'
program_can_run='yes'
program_can_run_mpi='yes'
program_name='plumed'
program_transform_name='s,x,x,'
psdir='${docdir}'
readelf=''
sbindir='${exec_prefix}/sbin'
sharedstatedir='${prefix}/com'
sysconfdir='${prefix}/etc'
target_alias=''
use_absolute_soname='no'
use_debug_glibcxx='no'
use_loader_path='no'

## ----------- ##
## confdefs.h. ##
## ----------- ##

/* confdefs.h */
#define PACKAGE_NAME "PLUMED"
#define PACKAGE_TARNAME "plumed"
#define PACKAGE_VERSION "2"
#define PACKAGE_STRING "PLUMED 2"
#define PACKAGE_BUGREPORT ""
#define PACKAGE_URL ""
#define __PLUMED_WRAPPER_LIBCXX11 1
#define __PLUMED_CXX17_FILESYSTEM 1
#define __PLUMED_HAS_MOLFILE_PLUGINS 1
#define STDC_HEADERS 1
#define HAVE_SYS_TYPES_H 1
#define HAVE_SYS_STAT_H 1
#define HAVE_STDLIB_H 1
#define HAVE_STRING_H 1
#define HAVE_MEMORY_H 1
#define HAVE_STRINGS_H 1
#define HAVE_INTTYPES_H 1
#define HAVE_STDINT_H 1
#define HAVE_UNISTD_H 1
#define __PLUMED_HAS_DLADDR 1
#define __PLUMED_HAS_MPI 1
#define __PLUMED_HAS_ASMJIT 1
#define __PLUMED_HAS_DLOPEN 1
#define __PLUMED_HAS_RTLD_DEFAULT 1
#define __PLUMED_HAS_SUBPROCESS 1
#define __PLUMED_HAS_EXECINFO 1
#define __PLUMED_HAS_ZLIB 1
#define __PLUMED_HAS_PYTHON 1
#define NDEBUG 1
#define _REENTRANT 1
#define __PLUMED_PROGRAM_NAME "plumed"
#define __PLUMED_SOEXT "so"

configure: exit 0
